../Drivers/CMSIS/Include/core_cm4.h:1679:22:__NVIC_EnableIRQ	16	static,ignoring_inline_asm
../Drivers/CMSIS/Include/core_cm4.h:2059:26:ITM_SendChar	16	static,ignoring_inline_asm
../Core/Src/main.c:38:5:_write	32	static
../Core/Src/main.c:87:5:isMoving	24	static
../Core/Src/main.c:102:6:handleState	8	static
../Core/Src/main.c:129:6:TIM2_IRQHandler	8	static
../Core/Src/main.c:158:6:handleLEDs	8	static
../Core/Src/main.c:169:5:main	56	static
../Core/Src/main.c:227:6:SystemClock_Config	96	static
../Core/Src/main.c:273:13:MX_SPI3_Init	8	static
../Core/Src/main.c:313:13:MX_GPIO_Init	48	static
../Core/Src/main.c:374:6:Error_Handler	4	static,ignoring_inline_asm
