../Drivers/CMSIS/Include/core_cm4.h:2059:26:ITM_SendChar	16	static,ignoring_inline_asm
../Core/Src/main.c:23:5:_write	32	static
../Core/Src/main.c:62:5:isMoving	24	static
../Core/Src/main.c:78:6:sendLostMessage	104	static
../Core/Src/main.c:94:6:TIM2_IRQHandler	8	static
../Core/Src/main.c:119:6:handleState	8	static
../Core/Src/main.c:142:5:main	8	static
../Core/Src/main.c:182:6:SystemClock_Config	96	static
../Core/Src/main.c:228:13:MX_SPI3_Init	8	static
../Core/Src/main.c:267:13:MX_GPIO_Init	48	static
../Core/Src/main.c:327:6:Error_Handler	4	static,ignoring_inline_asm
